// Jest Snapshot v1, https://goo.gl/fbAQLP

exports[`App matches the snapshot 1`] = `
<div
  className="page-full"
>
  <div
    className="navi-container navi-fixed-top null"
    style={
      Object {
        "top": 0,
      }
    }
  >
    <div
      className="navi-menu "
    >
      <div
        className="navmenu-container"
      >
        <div
          className="navmenu-btns"
        >
          <a
            className="btn-link"
            href="#home"
            onClick={[Function]}
          >
            <button
              className="btn-std btn-hvr btn-nav"
              onClick={[Function]}
              onMouseOut={undefined}
              onMouseOver={undefined}
              type={undefined}
            >
              Home
            </button>
          </a>
          <a
            className="btn-link"
            href="#about"
            onClick={[Function]}
          >
            <button
              className="btn-std btn-hvr btn-nav"
              onClick={[Function]}
              onMouseOut={undefined}
              onMouseOver={undefined}
              type={undefined}
            >
              About
            </button>
          </a>
          <a
            className="btn-link"
            href="#work"
            onClick={[Function]}
          >
            <button
              className="btn-std btn-hvr btn-nav"
              onClick={[Function]}
              onMouseOut={undefined}
              onMouseOver={undefined}
              type={undefined}
            >
              Work
            </button>
          </a>
          <a
            className="btn-link"
            href="#projects"
            onClick={[Function]}
          >
            <button
              className="btn-std btn-hvr btn-nav"
              onClick={[Function]}
              onMouseOut={undefined}
              onMouseOver={undefined}
              type={undefined}
            >
              Projects
            </button>
          </a>
          <a
            className="btn-link"
            href="#contact"
            onClick={[Function]}
          >
            <button
              className="btn-std btn-hvr btn-nav"
              onClick={[Function]}
              onMouseOut={undefined}
              onMouseOver={undefined}
              type={undefined}
            >
              Contact
            </button>
          </a>
        </div>
        <div
          className="navmenu-horzline"
        />
        <div
          className="navmenu-contact-links"
        >
          <div>
            <div
              className="navcontacts-container"
            >
              <div
                className="ncitem-container"
              >
                <a
                  href="https://www.linkedin.com/in/brian-harris-b875995"
                >
                  <div
                    className="ncitem-reveal"
                  >
                    <img
                      alt="IMG"
                      src="nav-linkedin-hover.svg"
                    />
                  </div>
                  <div
                    className="ncitem-overlay"
                  >
                    <img
                      alt="IMG"
                      src="nav-linkedin.svg"
                    />
                  </div>
                </a>
              </div>
              <div
                className="ncitem-container"
              >
                <a
                  href="https://github.com/BrianMHarris"
                >
                  <div
                    className="ncitem-reveal"
                  >
                    <img
                      alt="IMG"
                      src="nav-github-hover.svg"
                    />
                  </div>
                  <div
                    className="ncitem-overlay"
                  >
                    <img
                      alt="IMG"
                      src="nav-github.svg"
                    />
                  </div>
                </a>
              </div>
            </div>
          </div>
        </div>
      </div>
    </div>
    <div
      className="navi-toggle"
    >
      <div
        className="navitoggle-std"
        onClick={[Function]}
      >
        <img
          alt={undefined}
          src="nav-menu.svg"
        />
      </div>
    </div>
  </div>
  <div
    className="hm-content"
  >
    <div
      id="home"
    />
    <div
      className="hm-title"
    >
      <div
        className="hm-title-intro"
      >
        Hi, my name is
      </div>
      <div
        className="hm-title-name"
      >
        Brian Harris.
      </div>
      <div
        className="hm-title-job"
      >
        I'm a Full Stack Web Developer
      </div>
    </div>
  </div>
  <div
    className="work-content"
  >
    <div
      id="work"
    />
    <div
      className="work-flex"
    >
      <div
        className="we-content"
        onClick={[Function]}
        style={
          Object {
            "backgroundColor": "#1e95e2",
          }
        }
      >
        <div
          className="we-main"
        >
          <div
            className="we-main-image"
          >
            <img
              alt="Course Report"
              src="tunelark_logo.png"
            />
          </div>
          <div
            className="we-main-job"
          >
            Full Stack Developer
          </div>
        </div>
        <div
          onClick={[Function]}
        />
      </div>
      <div
        className="we-content"
        onClick={[Function]}
        style={
          Object {
            "backgroundColor": "#68b545",
          }
        }
      >
        <div
          className="we-main"
        >
          <div
            className="we-main-image"
          >
            <img
              alt="Course Report"
              src="course_logo.png"
            />
          </div>
          <div
            className="we-main-job"
          >
            Full Stack Developer
          </div>
        </div>
        <div
          onClick={[Function]}
        />
      </div>
    </div>
    <div
      className="work-link"
    >
      <div>
        <div
          className="work-divider-high"
        />
        <div
          className="work-link-txt"
        >
          See more work experience atÂ 
          <a
            href="https://www.linkedin.com/in/brian-harris-b875995/"
          >
            LinkedIn
          </a>
        </div>
        <div
          className="work-divider-low"
        />
      </div>
    </div>
  </div>
  <div
    className="projects-content"
  >
    <div
      id="projects"
    />
    <div
      className="projects-flex"
    >
      <div
        className="pe-content pe-orange"
      >
        <div
          className="pe-main"
        >
          <div
            className="pe-main-image"
          >
            <img
              alt="Portfolio"
              src="proj-portfolio.svg"
            />
          </div>
          <div
            className="pe-main-title"
          >
            brianharris.co
          </div>
        </div>
        <div
          className="pe-screen"
        />
        <div
          className="pe-buttons"
        >
          <div
            className="pe-buttons-btn"
          >
            <a
              href="http://www.brianharris.co/"
            >
              <button
                className="btnns-std btnns-linked"
                onClick={null}
                onMouseOut={undefined}
                onMouseOver={undefined}
                type={undefined}
              >
                Live
              </button>
            </a>
          </div>
          <div
            className="pe-buttons-btn"
          >
            <a
              href="https://github.com/BrianMHarris/profile-main"
            >
              <button
                className="btnns-std btnns-linked"
                onClick={null}
                onMouseOut={undefined}
                onMouseOver={undefined}
                type={undefined}
              >
                GitHub
              </button>
            </a>
          </div>
        </div>
      </div>
      <div
        className="pe-content pe-tan"
      >
        <div
          className="pe-main"
        >
          <div
            className="pe-main-image"
          >
            <img
              alt="Portfolio"
              src="proj-nodemail.svg"
            />
          </div>
          <div
            className="pe-main-title"
          >
            Node Mail Relay
          </div>
        </div>
        <div
          className="pe-screen"
        />
        <div
          className="pe-buttons"
        >
          <div
            className="pe-buttons-btn"
          >
            <a
              href="https://github.com/BrianMHarris/node-mail-relay"
            >
              <button
                className="btnns-std btnns-linked"
                onClick={null}
                onMouseOut={undefined}
                onMouseOver={undefined}
                type={undefined}
              >
                GitHub
              </button>
            </a>
          </div>
        </div>
      </div>
      <div
        className="pe-content pe-dark"
      >
        <div
          className="pe-main"
        >
          <div
            className="pe-main-image"
          >
            <img
              alt="Portfolio"
              src="proj-raid.svg"
            />
          </div>
          <div
            className="pe-main-title"
          >
            Raid! Demo
          </div>
        </div>
        <div
          className="pe-screen"
        />
        <div
          className="pe-buttons"
        >
          <div
            className="pe-buttons-btn"
          >
            <a
              href="https://github.com/BrianMHarris/dungeons"
            >
              <button
                className="btnns-std btnns-linked"
                onClick={null}
                onMouseOut={undefined}
                onMouseOver={undefined}
                type={undefined}
              >
                GitHub
              </button>
            </a>
          </div>
        </div>
      </div>
      <div
        className="pe-content pe-blue"
      >
        <div
          className="pe-main"
        >
          <div
            className="pe-main-image"
          >
            <img
              alt="Portfolio"
              src="proj-aliens.svg"
            />
          </div>
          <div
            className="pe-main-title"
          >
            Alien Sightings
          </div>
        </div>
        <div
          className="pe-screen"
        />
        <div
          className="pe-buttons"
        >
          <div
            className="pe-buttons-btn"
          >
            <a
              href="https://brianmharris.github.io/"
            >
              <button
                className="btnns-std btnns-linked"
                onClick={null}
                onMouseOut={undefined}
                onMouseOver={undefined}
                type={undefined}
              >
                Live
              </button>
            </a>
          </div>
          <div
            className="pe-buttons-btn"
          >
            <a
              href="https://github.com/BrianMHarris/brianmharris.github.io"
            >
              <button
                className="btnns-std btnns-linked"
                onClick={null}
                onMouseOut={undefined}
                onMouseOver={undefined}
                type={undefined}
              >
                GitHub
              </button>
            </a>
          </div>
        </div>
      </div>
    </div>
  </div>
  <div
    className="about-body"
  >
    <div
      id="about"
    />
    <section
      className="about-content"
    >
      <div
        className="about-title"
      >
        about me
      </div>
      <div
        className="about-flex"
      >
        <p>
          As a kid in the 90's, I got hooked on coding through creating little apps for AOL.
        </p>
        <p>
          After studying Game Design and Development at Full Sail University, I spent 11 years in game design-related roles. I snuck in scripting as often I could.
        </p>
        <p>
          As of 2017 I am again following my passion. In web development I get to use my imagination and skills to create and share incredible things.
        </p>
      </div>
    </section>
  </div>
  <div
    className="skills-body"
  >
    <section
      className="skills-content"
    >
      <div
        className="skills-title"
      >
        skills & exp
      </div>
      <div
        className="skills-flex"
      >
        <div
          className="skills-group"
        >
          <div
            className="skills-section-title"
          >
            Languages
          </div>
          <div
            className="skills-section-content"
          >
            <ul>
              <li>
                JavaScript
              </li>
              <li>
                Python
              </li>
            </ul>
          </div>
        </div>
        <div
          className="skills-group"
        >
          <div
            className="skills-section-title"
          >
            Front-end
          </div>
          <div
            className="skills-section-content"
          >
            <ul>
              <li>
                HTML5
              </li>
              <li>
                CSS3
              </li>
              <li>
                jQuery
              </li>
              <li>
                React
              </li>
              <li>
                D3
              </li>
            </ul>
          </div>
        </div>
        <div
          className="skills-group"
        >
          <div
            className="skills-section-title"
          >
            Back-end
          </div>
          <div
            className="skills-section-content"
          >
            <ul>
              <li>
                Flask
              </li>
              <li>
                SQLAlchemy
              </li>
              <li>
                Node.js
              </li>
              <li>
                MongoDB
              </li>
              <li>
                APIs
              </li>
            </ul>
          </div>
        </div>
      </div>
    </section>
  </div>
  <div
    className="contact-content"
  >
    <div
      id="contact"
    />
    <div
      className="contact-title"
    >
      contact me
    </div>
    <div
      className="contact-flex"
    >
      <div
        className="contact-body"
      >
        <p>
          If you have an inquiry or would like to speak with me about a project:
        </p>
        <div
          className="contact-email"
        >
          <a
            href="mailto:brianharris.dev@gmail.com"
          >
            <button
              className="btnns-std btnns-hvr btnns-contact btnns-large"
              onClick={null}
              onMouseOut={undefined}
              onMouseOver={undefined}
              type={undefined}
            >
              Send an Email
            </button>
          </a>
        </div>
      </div>
      <div
        className="contact-form"
      >
        <p>
          or fill out this handy form:
        </p>
        <div
          className="cf-form"
        >
          <div
            className="cf-body"
          />
          <form
            action="#"
            onSubmit={[Function]}
          >
            <div
              className="cf-inputs-wrap"
            >
              <input
                className="cf-input-name"
                id="cf-fullName"
                name="fullName"
                onChange={[Function]}
                placeholder="name"
                required={true}
                type="text"
                value=""
              />
              <input
                className="cf-input-email"
                name="email"
                onChange={[Function]}
                placeholder="email"
                required={true}
                type="email"
                value=""
              />
            </div>
            <div
              className="cf-inputs-fixed"
            >
              <textarea
                className="cf-input-large cf-input-body"
                name="body"
                onChange={[Function]}
                placeholder="message"
                required={true}
                type="text"
                value=""
              />
            </div>
            <button
              className="btnns-std btnns-hvr btnns-contact btnns-nomargins"
              onClick={null}
              onMouseOut={undefined}
              onMouseOver={undefined}
              type="submit"
            >
              Submit
            </button>
          </form>
        </div>
      </div>
    </div>
  </div>
</div>
`;
