// Jest Snapshot v1, https://goo.gl/fbAQLP

exports[`NaviToggle matches the snapshot 1`] = `
<div
  className="navitoggle-std"
  onClick={[Function]}
>
  <img
    alt={undefined}
    src={undefined}
  />
</div>
`;
